// Jest Snapshot v1, https://goo.gl/fbAQLP

exports[`<Order /> renders the order 1`] = `
<div
  className="OrderStyles-sc-4oqalm-0 camMij"
  data-test="order"
>
  <SideEffect(Head)>
    <Head />
  </SideEffect(Head)>
  <p>
    <span>
      Order ID:
    </span>
    <span>
      ord123
    </span>
  </p>
  <p>
    <span>
      Charge:
    </span>
    <span>
      ch_123
    </span>
  </p>
  <p>
    <span>
      Date:
    </span>
    <span>
      March 31, 2018 5:00 PM
    </span>
  </p>
  <p>
    <span>
      Order Total:
    </span>
    <span>
      $400
    </span>
  </p>
  <p>
    <span>
      Item Count:
    </span>
    <span>
      2
    </span>
  </p>
  <OrderItems
    items={
      Array [
        Object {
          "__typename": "OrderItem",
          "description": "et modi tenetur amet modi reprehenderit omnis",
          "id": "3a430a73-c9e9-4bcc-b46a-41618965ffea",
          "image": "reprehenderit.jpg",
          "price": 4234,
          "quantity": 1,
          "title": "soluta non omnis consequatur enim quia autem",
          Symbol(id): "OrderItem:3a430a73-c9e9-4bcc-b46a-41618965ffea",
        },
        Object {
          "__typename": "OrderItem",
          "description": "sapiente laudantium molestias assumenda quasi adipisci mollitia",
          "id": "2393e090-592f-4d03-b808-c9d81098deec",
          "image": "sint.jpg",
          "price": 4234,
          "quantity": 1,
          "title": "quia sed exercitationem omnis laborum exercitationem est",
          Symbol(id): "OrderItem:2393e090-592f-4d03-b808-c9d81098deec",
        },
      ]
    }
  >
    <OrderItems__OrderSingleItemStyle>
      <div
        className="OrderItems__OrderSingleItemStyle-sc-1t5dcw5-0 buRVcr"
      >
        <div
          className="items"
        >
          <div
            className="order-item"
            key="3a430a73-c9e9-4bcc-b46a-41618965ffea"
          >
            <img
              alt="soluta non omnis consequatur enim quia autem"
              src="reprehenderit.jpg"
            />
            <div
              className="item-details"
            >
              <h2>
                soluta non omnis consequatur enim quia autem
              </h2>
              <p>
                Qty: 
                1
              </p>
              <p>
                Each: 
                $42.34
              </p>
              <p>
                SubTotal: 
                $42.34
              </p>
              <p>
                et modi tenetur amet modi reprehenderit omnis
              </p>
            </div>
          </div>
          <div
            className="order-item"
            key="2393e090-592f-4d03-b808-c9d81098deec"
          >
            <img
              alt="quia sed exercitationem omnis laborum exercitationem est"
              src="sint.jpg"
            />
            <div
              className="item-details"
            >
              <h2>
                quia sed exercitationem omnis laborum exercitationem est
              </h2>
              <p>
                Qty: 
                1
              </p>
              <p>
                Each: 
                $42.34
              </p>
              <p>
                SubTotal: 
                $42.34
              </p>
              <p>
                sapiente laudantium molestias assumenda quasi adipisci mollitia
              </p>
            </div>
          </div>
        </div>
      </div>
    </OrderItems__OrderSingleItemStyle>
  </OrderItems>
</div>
`;
